66.249.79.192 - - [09/Jul/2025:00:02:45 +0000] "GET /api/data HTTP/1.1" 200 300 "-" "curl/8.0"
192.168.1.25 - - [08/Jul/2025:23:45:02 +0000] "POST /api/login HTTP/1.1" 302 512 "-" "wget/1.21"
192.168.1.25 - - [08/Jul/2025:23:47:15 +0000] "GET /dashboard HTTP/1.1" 200 850 "-" "wget/1.21"
103.45.67.89 - - [08/Jul/2025:23:46:15 +0000] "GET /products?id=123 HTTP/1.1" 200 2450 "-" "python-requests/2.28"
103.45.67.89 - - [08/Jul/2025:23:48:44 +0000] "GET /products?id=456 HTTP/1.1" 200 2780 "-" "python-requests/2.28"
172.16.0.5 - - [08/Jul/2025:23:47:59 +0000] "GET /about HTTP/1.1" 404 123 "-" "Go-http-client/1.1"
203.0.113.45 - - [08/Jul/2025:23:50:41 +0000] "GET /contact HTTP/1.1" 500 1980 "-" "okhttp/4.9"
198.51.100.23 - - [08/Jul/2025:23:55:10 +0000] "GET / HTTP/1.1" 200 3500 "-" "axios/1.3"
198.51.100.23 - - [08/Jul/2025:23:57:33 +0000] "GET /help HTTP/1.1" 200 400 "-" "axios/1.3"
45.33.32.156 - - [08/Jul/2025:23:58:59 +0000] "GET /favicon.ico HTTP/1.1" 200 543 "-" "fetch"
8.8.8.8 - - [09/Jul/2025:00:00:12 +0000] "POST /api/upload HTTP/1.1" 201 1220 "-" "okhttp"
23.45.67.89 - - [09/Jul/2025:00:02:22 +0000] "GET /status HTTP/1.1" 200 220 "-" "curl/7.79"
172.217.166.46 - - [09/Jul/2025:00:05:44 +0000] "GET /images/logo.png HTTP/1.1" 200 6543 "-" "Wget"
66.249.79.192 - - [09/Jul/2025:00:07:55 +0000] "GET /robots.txt HTTP/1.1" 200 68 "-" "curl/8.0"
192.168.1.25 - - [09/Jul/2025:00:08:11 +0000] "GET /settings HTTP/1.1" 200 500 "-" "wget/1.21"
103.45.67.89 - - [09/Jul/2025:00:09:25 +0000] "GET /cart HTTP/1.1" 200 1420 "-" "python-requests/2.28"
172.16.0.5 - - [09/Jul/2025:00:10:44 +0000] "GET /privacy HTTP/1.1" 404 89 "-" "Go-http-client/1.1"
203.0.113.45 - - [09/Jul/2025:00:12:02 +0000] "POST /api/order HTTP/1.1" 500 1900 "-" "okhttp/4.9"
198.51.100.23 - - [09/Jul/2025:00:13:16 +0000] "GET /terms HTTP/1.1" 200 300 "-" "axios/1.3"
45.33.32.156 - - [09/Jul/2025:00:14:45 +0000] "GET /blog HTTP/1.1" 200 1543 "-" "fetch"
8.8.8.8 - - [09/Jul/2025:00:15:29 +0000] "GET /images/banner.jpg HTTP/1.1" 200 4321 "-" "okhttp"
23.45.67.89 - - [09/Jul/2025:00:16:05 +0000] "GET /docs HTTP/1.1" 200 654 "-" "curl/7.79"
172.217.166.46 - - [09/Jul/2025:00:17:19 +0000] "GET /scripts/main.js HTTP/1.1" 200 2450 "-" "Wget"
66.249.79.192 - - [09/Jul/2025:00:18:44 +0000] "GET /sitemap.xml HTTP/1.1" 200 940 "-" "curl/8.0"
192.168.1.25 - - [09/Jul/2025:00:19:01 +0000] "POST /logout HTTP/1.1" 302 120 "-" "wget/1.21"
103.45.67.89 - - [09/Jul/2025:00:20:18 +0000] "GET /wishlist HTTP/1.1" 200 1200 "-" "python-requests/2.28"
172.16.0.5 - - [09/Jul/2025:00:21:33 +0000] "GET /careers HTTP/1.1" 404 210 "-" "Go-http-client/1.1"
203.0.113.45 - - [09/Jul/2025:00:22:55 +0000] "GET /offers HTTP/1.1" 500 990 "-" "okhttp/4.9"
198.51.100.23 - - [09/Jul/2025:00:23:40 +0000] "GET /pricing HTTP/1.1" 200 540 "-" "axios/1.3"
